<html>
<body>
<pre>
<h1>µVision Build Log</h1>
<h2>Tool Versions:</h2>
IDE-Version: ¦ÌVision V5.36.0.0
Copyright (C) 2021 ARM Ltd and ARM Germany GmbH. All rights reserved.
License Information: Ming Ming, crysound, LIC=HF82M-XI68E-VJ16J-UKGGU-W4ZUT-1RS3Z
 
Tool Versions:
Toolchain:       MDK-ARM Professional  Version: 5.36.0.0
Toolchain Path:  D:\Application\Keil_v5\ARM\ARMCC\Bin
C Compiler:      Armcc.exe V5.06 update 7 (build 960)
Assembler:       Armasm.exe V5.06 update 7 (build 960)
Linker/Locator:  ArmLink.exe V5.06 update 7 (build 960)
Library Manager: ArmAr.exe V5.06 update 7 (build 960)
Hex Converter:   FromElf.exe V5.06 update 7 (build 960)
CPU DLL:         SARMCM3.DLL V5.36.0.0
Dialog DLL:      DCM.DLL V1.17.3.0
Target DLL:      Segger\JL2CM3.dll V2.99.40.0
Dialog DLL:      TCM.DLL V1.53.0.0
 
<h2>Project:</h2>
E:\Ming\Keil\HC32\Ä£°å\CRY283X_OS\template\MDK\template.uvprojx
Project File Date:  07/31/2023

<h2>Output:</h2>
*** Using Compiler 'V5.06 update 7 (build 960)', folder: 'D:\Application\Keil_v5\ARM\ARMCC\Bin'
Build target 'template_Debug'
linking...
Program Size: Code=174984 RO-data=20380 RW-data=852 ZI-data=138412  
".\output\debug\template.axf" - 0 Error(s), 0 Warning(s).

<h2>Software Packages used:</h2>

Package Vendor: ARM
                http://www.keil.com/pack/ARM.CMSIS.5.9.0.pack
                ARM.CMSIS.5.9.0
                CMSIS (Common Microcontroller Software Interface Standard)
   * Component: CORE Version: 5.6.0

Package Vendor: ARM
                https://www.keil.com/pack/ARM.CMSIS-DSP.1.14.1.pack
                ARM.CMSIS-DSP.1.14.1
                CMSIS Embedded Compute Library
   * Component: DSP Variant: Source Version: 1.14.1

Package Vendor: HDSC
                https://raw.githubusercontent.com/hdscmcu/pack/master/HDSC.HC32F46x.1.0.2.pack
                HDSC.HC32F46x.1.0.2
                HC32F46x ARM Cortex-M4 Device Family Pack

<h2>Collection of Component include folders:</h2>
  .\RTE\_template_Debug
  D:\Application\Keil_v5\Packs\ARM\CMSIS-DSP\1.14.1\Include
  D:\Application\Keil_v5\Packs\ARM\CMSIS-DSP\1.14.1\PrivateInclude
  D:\Application\Keil_v5\Packs\ARM\CMSIS\5.9.0\CMSIS\Core\Include
  D:\Application\Keil_v5\Packs\HDSC\HC32F46x\1.0.2\Device\Include

<h2>Collection of Component Files used:</h2>

   * Component: ARM::CMSIS:CORE:5.6.0

   * Component: ARM::CMSIS:DSP:Source:1.14.1
      Include file:  Include\arm_common_tables_f16.h
      Source file:   Source\BasicMathFunctions\BasicMathFunctions.c
      Source file:   Source\ComplexMathFunctions\ComplexMathFunctions.c
      Source file:   Source\DistanceFunctions\DistanceFunctions.c
      Source file:   Source\FastMathFunctions\FastMathFunctions.c
      Include file:  Include\arm_math_f16.h
      Include file:  Include\arm_common_tables.h
      Include file:  Include\arm_const_structs.h
      Include file:  Include\arm_math.h
      Include file:  Include\arm_const_structs_f16.h
      Source file:   Source\QuaternionMathFunctions\QuaternionMathFunctions.c
      Source file:   Source\BayesFunctions\BayesFunctions.c
      Source file:   Source\CommonTables\CommonTables.c
      Source file:   Source\ControllerFunctions\ControllerFunctions.c
      Source file:   Source\SupportFunctions\SupportFunctions.c
      Source file:   Source\TransformFunctions\TransformFunctions.c
      Source file:   Source\DistanceFunctions\DistanceFunctionsF16.c
      Source file:   Source\CommonTables\CommonTablesF16.c
      Source file:   Source\StatisticsFunctions\StatisticsFunctions.c
      Source file:   Source\InterpolationFunctions\InterpolationFunctions.c
      Source file:   Source\FilteringFunctions\FilteringFunctionsF16.c
      Source file:   Source\MatrixFunctions\MatrixFunctionsF16.c
      Source file:   Source\MatrixFunctions\MatrixFunctions.c
      Source file:   Source\SupportFunctions\SupportFunctionsF16.c
      Source file:   Source\BayesFunctions\BayesFunctionsF16.c
      Source file:   Source\SVMFunctions\SVMFunctionsF16.c
      Source file:   Source\TransformFunctions\TransformFunctionsF16.c
      Source file:   Source\SVMFunctions\SVMFunctions.c
      Source file:   Source\StatisticsFunctions\StatisticsFunctionsF16.c
      Source file:   Source\BasicMathFunctions\BasicMathFunctionsF16.c
      Source file:   Source\FastMathFunctions\FastMathFunctionsF16.c
      Source file:   Source\InterpolationFunctions\InterpolationFunctionsF16.c
      Source file:   Source\ComplexMathFunctions\ComplexMathFunctionsF16.c
      Source file:   Source\FilteringFunctions\FilteringFunctions.c
Build Time Elapsed:  00:00:02
</pre>
</body>
</html>
